cURL Error: operation aborted by callback
cURL Error: operation aborted by callback
cURL Error: operation aborted by callback
cURL Error: operation aborted by callback
cURL Error: operation aborted by callback
cURL Error: operation aborted by callback
cURL Error: operation aborted by callback
